ST.printf():

example statistics module : 
                 sample int:        300
        sample unsigned int:        819
               sample float:    1.23450
       sample unsigned long: 4294967295
  sample sum of i, j, and k: 4.29497e+09

cout << ST:

example statistics module : 
                 sample int:        300
        sample unsigned int:        819
               sample float:    1.23450
       sample unsigned long: 4294967295
  sample sum of i, j, and k: 4.29497e+09

My own pretty formatting for module : example statistics module 
	sample int                     0000000300
	sample unsigned int            0000000819
	sample float                     1.234500
	sample unsigned long           4294967295

Expect some unknowns-- these are error cases:
iiufvf
unknown-1
139 :******* CUR.copy_brief(true): 

example statistics module : 
                 sample int:        300
        sample unsigned int:        819
               sample float:    1.23450
       sample unsigned long: 4294967295
  sample sum of i, j, and k: 4.29497e+09

143
145 :******* TST.inc(): 

example statistics module : 
                 sample int:        301
        sample unsigned int:        820
               sample float:    2.23450
  sample sum of i, j, and k:    1123.23

157
159
161 :******* last -= first: :

example statistics module : 
                 sample int:          1
        sample unsigned int:          1
               sample float:   1.000000
       sample unsigned long:          1
  sample sum of i, j, and k: -4.29497e+09


166
168 :******* last += first: :

example statistics module : 
                 sample int:        301
        sample unsigned int:        820
               sample float:    2.23450
  sample sum of i, j, and k:    1024.00


173
175 :******* last.zero(): :

example statistics module : 


Expect error:
