kvl(store= s(3.2) key= { {3 "abc" }} elem= { })= k(s(3.2).6513249.0)
kvl(store= s(3.2) key= { } elem= { })= k(s(3.2).0.0)
kvl(store= s(3.2) key= { {3 "abc" }} elem= { })= k(s(3.2).6513249.0)
kvl(store= s(3.2) key= { } elem= { })= k(s(3.2).0.0)
kvl(store= s(3.2) key= { {3 "abc" }} elem= { {4 "x<3 times>" }})= k(s(3.2).6513249.2021161080)
kvl(store= s(3.2) key= { } elem= { {4 "x<3 times>" }})= k(s(3.2).0.2021161080)
kvl(store= s(3.2) key= { {3 "abc" }} elem= { })= k(s(3.2).6513249.0)
kvl(store= s(3.2) key= { } elem= { })= k(s(3.2).0.0)
kvl(store= s(1.8) key= { {8 "Paradise" }} elem= { {8 "Paradise" }})= k(s(1.8).8893373.8893373)
kvl(store= s(1.8) key= { } elem= { {8 "Paradise" }})= k(s(1.8).0.8893373)
kvl(store= s(1.8) key= { {8 "Paradise" }} elem= { })= k(s(1.8).8893373.0)
kvl(store= s(1.8) key= { } elem= { })= k(s(1.8).0.0)
