ST.printf():

example statistics module : 
                 sample int:        300
        sample unsigned int:        819
               sample float:    1.23450
       sample unsigned long:         -1
  sample sum of i, j, and k: 4.29497e+09

cout << ST:

example statistics module : 
                 sample int:        300
        sample unsigned int:        819
               sample float:    1.23450
       sample unsigned long:         -1
  sample sum of i, j, and k: 4.29497e+09

My own pretty formatting for module : example statistics module 
	sample int                     0000000300
	sample unsigned int            0000000819
	sample float                     1.234500
	sample unsigned long           -1074790400

Expect some unknowns-- these are error cases:
iiufvf
unknown-1
134 :******* CUR.copy_brief(true): 

example statistics module : 
                 sample int:        300
        sample unsigned int:        819
               sample float:    1.23450
       sample unsigned long:         -1
  sample sum of i, j, and k: 4.29497e+09

138
140 :******* TST.inc(): 

example statistics module : 
                 sample int:        301
        sample unsigned int:        820
               sample float:    2.23450
  sample sum of i, j, and k:    1123.23

152
154
156 :******* last -= first: :

example statistics module : 
                 sample int:          1
        sample unsigned int:          1
               sample float:    1.00000
       sample unsigned long:          1
  sample sum of i, j, and k: -4.29497e+09


161
163 :******* last += first: :

example statistics module : 
                 sample int:        301
        sample unsigned int:        820
               sample float:    2.23450
  sample sum of i, j, and k:    1024.00


168
170 :******* last.zero(): :

example statistics module : 


Expect error:
